// Jest Snapshot v1, https://goo.gl/fbAQLP

exports[`Homepage should render correctly 1`] = `
.c0 {
  font-size: 2rem;
  text-align: center;
}

@media (max-width:576px) {

}

@media (max-width:1200px) {

}

<div
  class=""
  data-testid="test-page-content"
>
  <h1
    class="c0 capitalize"
    data-cy="welcome-page"
  >
    Welcome to React Next Base
  </h1>
</div>
`;
