// Jest Snapshot v1, https://goo.gl/fbAQLP

exports[`SignInForm should render correctly 1`] = `
.c5 {
  background-color: #eee;
  height: 3rem;
  width: 100%;
  font-size: 1rem;
  border-radius: 0.3rem;
  border: 1px solid #ccc;
}

.c5:hover {
  background-color: #ccc;
  border: 1px solid #606c76;
}

.c2 {
  width: 100%;
  padding: 1rem;
  font-size: 1rem;
  border-radius: 0.3rem;
  border: 1px solid #ccc;
}

.c3 {
  margin-top: 0.5rem;
}

.c0 {
  width: 40rem;
}

.c1 {
  margin-top: 1rem;
}

.c4 {
  margin-top: 2rem;
}

<div>
  <div
    class="c0"
  >
    <form
      action="#"
    >
      <div
        class="c1"
      >
        <label
          for="email"
        >
          Email
          <input
            autocomplete="on"
            class="c2 c3"
            data-testid="input-email"
            id="email"
            name="email"
            type="email"
            value=""
          />
        </label>
      </div>
      <div
        class="c1"
      >
        <label
          for="password"
        >
          Password
          <input
            autocomplete="on"
            class="c2 c3"
            data-testid="input-password"
            id="password"
            name="password"
            type="password"
            value=""
          />
        </label>
      </div>
      <div
        class="c4"
      >
        <button
          class="c5"
          data-cy="submit-button"
          data-testid="submit-button"
          type="submit"
        >
          Submit
        </button>
      </div>
    </form>
  </div>
</div>
`;
