// Jest Snapshot v1, https://goo.gl/fbAQLP

exports[`HomePage should render correctly 1`] = `
.c0 {
  font-size: 2rem;
  text-align: center;
}

@media (max-width:576px) {

}

@media (max-width:1200px) {

}

<div
  class="styled__PageContent-sc-1bxgj0r-1"
  data-testid="page-content"
>
  <h1
    class="c0 capitalize"
    data-cy="welcome-page"
  >
    Welcome to React Next Base
  </h1>
</div>
`;
